=== C Program Test Runner ===
Running C Tests [sim *toolchain/mycpu_sim_advanced.sh*]

[add-longlong] add-longlong.c: Passed.
time: 2.751 ms [5663 steps]

[add] add.c: Passed.
time: 2.511 ms [4399 steps]

[bit] bit.c: Passed.
time: 0.636 ms [783 steps]

[bubble-sort] bubble-sort.c: Passed.
time: 6.078 ms [13212 steps]

[crc32] crc32.c: Passed.
time: 14.521 ms [36873 steps]

[div] div.c: Passed.
time: 2.020 ms [4840 steps]

[dummy] dummy.c: Passed.
time: 0.014 ms [18 steps]

[fact] fact.c: Passed.
time: 1.204 ms [2306 steps]

[fib] fib.c: Passed.
time: 0.846 ms [2289 steps]

[goldbach] goldbach.c: Passed.
time: 2.619 ms [4867 steps]

[hello-str] hello-str.c: Passed.
time: 0.916 ms [1793 steps]

[if-else] if-else.c: Passed.
time: 0.469 ms [941 steps]

[leap-year] leap-year.c: Passed.
time: 4.237 ms [6815 steps]

[load-store] load-store.c: Passed.
time: 0.557 ms [1219 steps]

[matrix-mul] matrix-mul.c: Passed.
time: 24.185 ms [65166 steps]

[max] max.c: Passed.
time: 2.876 ms [4491 steps]

[mersenne] mersenne.c: Passed.
time: 235.210 ms [434629 steps]

[min3] min3.c: Passed.
time: 2.640 ms [5603 steps]

[mov-c] mov-c.c: Passed.
time: 0.123 ms [211 steps]

[movsx] movsx.c: Passed.
time: 0.142 ms [338 steps]

[mul-longlong] mul-longlong.c: Passed.
time: 0.602 ms [1135 steps]

[pascal] pascal.c: Passed.
time: 6.965 ms [12289 steps]

[prime] prime.c: Passed.
time: 9.112 ms [14504 steps]

[quick-sort] quick-sort.c: Passed.
time: 4.632 ms [8811 steps]

[recursion] recursion.c: Passed.
time: 3.215 ms [8642 steps]

[select-sort] select-sort.c: Passed.
time: 4.135 ms [10280 steps]

[shift] shift.c: Passed.
time: 0.467 ms [1019 steps]

[shuixianhua] shuixianhua.c: Passed.
time: 16.521 ms [29370 steps]

[string] string.c: Passed.
time: 2.293 ms [3476 steps]

[sub-longlong] sub-longlong.c: Passed.
time: 2.613 ms [5661 steps]

[sum] sum.c: Passed.
time: 0.414 ms [1050 steps]

[switch] switch.c: Passed.
time: 1.402 ms [1042 steps]

[to-lower-case] to-lower-case.c: Passed.
time: 2.863 ms [6846 steps]

[unalign] unalign.c: Passed.
time: 0.179 ms [221 steps]

[wanshu] wanshu.c: Passed.
time: 3.144 ms [5334 steps]

C Tests PASS
35 / 35 passed
Summary: 35 passed, 0 failed, 35 total
Scored time: 363.112 ms
Total time: 13948.983 ms
